// Jest Snapshot v1, https://goo.gl/fbAQLP

exports[`<CategoryList/> should be created 1`] = `ReactWrapper {}`;
