// Jest Snapshot v1, https://goo.gl/fbAQLP

exports[`<DatePagination /> should be created 1`] = `ShallowWrapper {}`;
