// Jest Snapshot v1, https://goo.gl/fbAQLP

exports[`<DataList/> should be created 1`] = `ReactWrapper {}`;
