// Jest Snapshot v1, https://goo.gl/fbAQLP

exports[`<RegistryList/> should be created 1`] = `ReactWrapper {}`;
