// Jest Snapshot v1, https://goo.gl/fbAQLP

exports[`<Category /> should be created 1`] = `ReactWrapper {}`;
