// Jest Snapshot v1, https://goo.gl/fbAQLP

exports[`<CategoryForm /> should be created 1`] = `ReactWrapper {}`;
