// Jest Snapshot v1, https://goo.gl/fbAQLP

exports[`<Registry /> should be created 1`] = `ReactWrapper {}`;
