// Jest Snapshot v1, https://goo.gl/fbAQLP

exports[`<RegistryPage /> should be created 1`] = `ReactWrapper {}`;
