// Jest Snapshot v1, https://goo.gl/fbAQLP

exports[`<RegistryForm /> should be created 1`] = `ReactWrapper {}`;
